Archive member included to satisfy reference by file (symbol)

C:/Espressif/tools/riscv32-esp-elf/esp-13.2.0_20230928/riscv32-esp-elf/bin/../lib/gcc/riscv32-esp-elf/13.2.0/rv32imac_zicsr_zifencei/ilp32\libgcc.a(_ashrdi3.o)
                              CMakeFiles/lp_core_main.dir/C_/Espressif/frameworks/esp-idf/components/ulp/lp_core/lp_core/lp_core_print.c.obj (__ashrdi3)
C:/Espressif/tools/riscv32-esp-elf/esp-13.2.0_20230928/riscv32-esp-elf/bin/../lib/gcc/riscv32-esp-elf/13.2.0/rv32imac_zicsr_zifencei/ilp32\libgcc.a(_divdi3.o)
                              CMakeFiles/lp_core_main.dir/a5a4189e983da4e5cfb9b5b974ddc3c6/main/lp_core/lp_components/bme280/bme280.c.obj (__divdi3)
C:/Espressif/tools/riscv32-esp-elf/esp-13.2.0_20230928/riscv32-esp-elf/bin/../lib/gcc/riscv32-esp-elf/13.2.0/rv32imac_zicsr_zifencei/ilp32\libgcc.a(_udivdi3.o)
                              CMakeFiles/lp_core_main.dir/4825b6c26486c8ba01e5a5f83f3d72e2/lp_core/shared/ulp_lp_core_lp_timer_shared.c.obj (__udivdi3)
C:/Espressif/tools/riscv32-esp-elf/esp-13.2.0_20230928/riscv32-esp-elf/bin/../lib/gcc/riscv32-esp-elf/13.2.0/rv32imac_zicsr_zifencei/ilp32\libgcc.a(_umoddi3.o)
                              CMakeFiles/lp_core_main.dir/C_/Espressif/frameworks/esp-idf/components/ulp/lp_core/lp_core/lp_core_print.c.obj (__umoddi3)
C:/Espressif/tools/riscv32-esp-elf/esp-13.2.0_20230928/riscv32-esp-elf/bin/../lib/gcc/riscv32-esp-elf/13.2.0/rv32imac_zicsr_zifencei/ilp32\libgcc.a(adddf3.o)
                              CMakeFiles/lp_core_main.dir/a5a4189e983da4e5cfb9b5b974ddc3c6/main/lp_core/lp_components/bme280/bme280.c.obj (__adddf3)
C:/Espressif/tools/riscv32-esp-elf/esp-13.2.0_20230928/riscv32-esp-elf/bin/../lib/gcc/riscv32-esp-elf/13.2.0/rv32imac_zicsr_zifencei/ilp32\libgcc.a(divdf3.o)
                              CMakeFiles/lp_core_main.dir/a5a4189e983da4e5cfb9b5b974ddc3c6/main/lp_core/lp_components/bme280/bme280.c.obj (__divdf3)
C:/Espressif/tools/riscv32-esp-elf/esp-13.2.0_20230928/riscv32-esp-elf/bin/../lib/gcc/riscv32-esp-elf/13.2.0/rv32imac_zicsr_zifencei/ilp32\libgcc.a(gedf2.o)
                              CMakeFiles/lp_core_main.dir/a5a4189e983da4e5cfb9b5b974ddc3c6/main/lp_core/lp_components/bme280/bme280.c.obj (__gtdf2)
C:/Espressif/tools/riscv32-esp-elf/esp-13.2.0_20230928/riscv32-esp-elf/bin/../lib/gcc/riscv32-esp-elf/13.2.0/rv32imac_zicsr_zifencei/ilp32\libgcc.a(ledf2.o)
                              CMakeFiles/lp_core_main.dir/a5a4189e983da4e5cfb9b5b974ddc3c6/main/lp_core/lp_components/bme280/bme280.c.obj (__ltdf2)
C:/Espressif/tools/riscv32-esp-elf/esp-13.2.0_20230928/riscv32-esp-elf/bin/../lib/gcc/riscv32-esp-elf/13.2.0/rv32imac_zicsr_zifencei/ilp32\libgcc.a(muldf3.o)
                              CMakeFiles/lp_core_main.dir/a5a4189e983da4e5cfb9b5b974ddc3c6/main/lp_core/lp_components/bme280/bme280.c.obj (__muldf3)
C:/Espressif/tools/riscv32-esp-elf/esp-13.2.0_20230928/riscv32-esp-elf/bin/../lib/gcc/riscv32-esp-elf/13.2.0/rv32imac_zicsr_zifencei/ilp32\libgcc.a(subdf3.o)
                              CMakeFiles/lp_core_main.dir/a5a4189e983da4e5cfb9b5b974ddc3c6/main/lp_core/lp_components/bme280/bme280.c.obj (__subdf3)
C:/Espressif/tools/riscv32-esp-elf/esp-13.2.0_20230928/riscv32-esp-elf/bin/../lib/gcc/riscv32-esp-elf/13.2.0/rv32imac_zicsr_zifencei/ilp32\libgcc.a(fixdfsi.o)
                              CMakeFiles/lp_core_main.dir/a5a4189e983da4e5cfb9b5b974ddc3c6/main/lp_core/lp_components/bme280/bme280.c.obj (__fixdfsi)
C:/Espressif/tools/riscv32-esp-elf/esp-13.2.0_20230928/riscv32-esp-elf/bin/../lib/gcc/riscv32-esp-elf/13.2.0/rv32imac_zicsr_zifencei/ilp32\libgcc.a(floatsidf.o)
                              CMakeFiles/lp_core_main.dir/a5a4189e983da4e5cfb9b5b974ddc3c6/main/lp_core/lp_components/bme280/bme280.c.obj (__floatsidf)
C:/Espressif/tools/riscv32-esp-elf/esp-13.2.0_20230928/riscv32-esp-elf/bin/../lib/gcc/riscv32-esp-elf/13.2.0/rv32imac_zicsr_zifencei/ilp32\libgcc.a(floatunsidf.o)
                              CMakeFiles/lp_core_main.dir/a5a4189e983da4e5cfb9b5b974ddc3c6/main/lp_core/lp_components/bme280/bme280.c.obj (__floatunsidf)
C:/Espressif/tools/riscv32-esp-elf/esp-13.2.0_20230928/riscv32-esp-elf/bin/../lib/gcc/riscv32-esp-elf/13.2.0/rv32imac_zicsr_zifencei/ilp32\libgcc.a(_clz.o)
                              C:/Espressif/tools/riscv32-esp-elf/esp-13.2.0_20230928/riscv32-esp-elf/bin/../lib/gcc/riscv32-esp-elf/13.2.0/rv32imac_zicsr_zifencei/ilp32\libgcc.a(_divdi3.o) (__clz_tab)
C:/Espressif/tools/riscv32-esp-elf/esp-13.2.0_20230928/riscv32-esp-elf/bin/../lib/gcc/riscv32-esp-elf/13.2.0/rv32imac_zicsr_zifencei/ilp32\libgcc.a(_clzsi2.o)
                              C:/Espressif/tools/riscv32-esp-elf/esp-13.2.0_20230928/riscv32-esp-elf/bin/../lib/gcc/riscv32-esp-elf/13.2.0/rv32imac_zicsr_zifencei/ilp32\libgcc.a(adddf3.o) (__clzsi2)
[...]
Memory Configuration

Name             Origin             Length             Attributes
vector_table     0x50000000         0x00000080         xr
ram              0x50000080         0x00001f78         xrw
*default*        0x00000000         0xffffffff

Linker script and memory map

LOAD C:/Espressif/frameworks/esp-idf/components/soc/esp32c6/ld/esp32c6.peripherals.ld
                0x60000000                        PROVIDE (UART0 = 0x60000000)
                [!provide]                        PROVIDE (UART1 = 0x60001000)
                [!provide]                        PROVIDE (SPIMEM0 = 0x60002000)
                [!provide]                        PROVIDE (SPIMEM1 = 0x60003000)
                [!provide]                        PROVIDE (I2C0 = 0x60004000)
                [!provide]                        PROVIDE (UHCI0 = 0x60005000)
                [!provide]                        PROVIDE (RMT = 0x60006000)
                [!provide]                        PROVIDE (RMTMEM = 0x60006400)
                [!provide]                        PROVIDE (LEDC = 0x60007000)
                [!provide]                        PROVIDE (TIMERG0 = 0x60008000)
                [!provide]                        PROVIDE (TIMERG1 = 0x60009000)
                [!provide]                        PROVIDE (SYSTIMER = 0x6000a000)
                [!provide]                        PROVIDE (TWAI0 = 0x6000b000)
                [!provide]                        PROVIDE (I2S0 = 0x6000c000)
                [!provide]                        PROVIDE (TWAI1 = 0x6000d000)
                [!provide]                        PROVIDE (APB_SARADC = 0x6000e000)
                [!provide]                        PROVIDE (USB_SERIAL_JTAG = 0x6000f000)
                [!provide]                        PROVIDE (INTMTX = 0x60010000)
                [!provide]                        PROVIDE (ATOMIC_LOCKER = 0x60011000)
                [!provide]                        PROVIDE (PCNT = 0x60012000)
                [!provide]                        PROVIDE (SOC_ETM = 0x60013000)
                [!provide]                        PROVIDE (MCPWM0 = 0x60014000)
                [!provide]                        PROVIDE (PARL_IO = 0x60015000)
                [!provide]                        PROVIDE (HINF = 0x60016000)
                [!provide]                        PROVIDE (SLC = 0x60017000)
                [!provide]                        PROVIDE (HOST = 0x60018000)
                [!provide]                        PROVIDE (PVT_MONITOR = 0x60019000)
                [!provide]                        PROVIDE (GDMA = 0x60080000)
                [!provide]                        PROVIDE (GPSPI2 = 0x60081000)
                [!provide]                        PROVIDE (AES = 0x60088000)
                [!provide]                        PROVIDE (SHA = 0x60089000)
                [!provide]                        PROVIDE (RSA = 0x6008a000)
                [!provide]                        PROVIDE (ECC = 0x6008b000)
                [!provide]                        PROVIDE (DS = 0x6008c000)
                [!provide]                        PROVIDE (HMAC = 0x6008d000)
                [!provide]                        PROVIDE (IO_MUX = 0x60090000)
                [!provide]                        PROVIDE (GPIO = 0x60091000)
                [!provide]                        PROVIDE (GPIO_EXT = 0x60091f00)
                [!provide]                        PROVIDE (SDM = 0x60091f00)
                [!provide]                        PROVIDE (GLITCH_FILTER = 0x60091f30)
                [!provide]                        PROVIDE (GPIO_ETM = 0x60091f60)
                [!provide]                        PROVIDE (MEM_MONITOR = 0x60092000)
                [!provide]                        PROVIDE (PAU = 0x60093000)
                [!provide]                        PROVIDE (HP_SYSTEM = 0x60095000)
                0x60096000                        PROVIDE (PCR = 0x60096000)
                [!provide]                        PROVIDE (TEE = 0x60098000)
                [!provide]                        PROVIDE (HP_APM = 0x60099000)
                [!provide]                        PROVIDE (IEEE802154 = 0x600a3000)
                [!provide]                        PROVIDE (MODEM_SYSCON = 0x600a9800)
                [!provide]                        PROVIDE (MODEM_LPCON = 0x600af000)
                0x600b0000                        PROVIDE (PMU = 0x600b0000)
                0x600b0400                        PROVIDE (LP_CLKRST = 0x600b0400)
                [!provide]                        PROVIDE (EFUSE = 0x600b0800)
                0x600b0c00                        PROVIDE (LP_TIMER = 0x600b0c00)
                [!provide]                        PROVIDE (LP_AON = 0x600b1000)
                0x600b1400                        PROVIDE (LP_UART = 0x600b1400)
                0x600b1800                        PROVIDE (LP_I2C = 0x600b1800)
                [!provide]                        PROVIDE (LP_WDT = 0x600b1c00)
                0x600b2000                        PROVIDE (LP_IO = 0x600b2000)
                [!provide]                        PROVIDE (LP_I2C_ANA_MST = 0x600b2400)
                [!provide]                        PROVIDE (LPPERI = 0x600b2800)
                [!provide]                        PROVIDE (LP_ANA_PERI = 0x600b2c00)
                [!provide]                        PROVIDE (LP_APM = 0x600b3800)
                [!provide]                        PROVIDE (OTP_DEBUG = 0x600b3c00)
LOAD CMakeFiles/lp_core_main.dir/f029f8e6447b2e29e0ffc3f66dff3f51/ESP32-C6_lp_core_BME280/main/lp_core/main.c.obj
LOAD CMakeFiles/lp_core_main.dir/a5a4189e983da4e5cfb9b5b974ddc3c6/main/lp_core/lp_components/bme280/bme280.c.obj
LOAD CMakeFiles/lp_core_main.dir/C_/Espressif/frameworks/esp-idf/components/ulp/lp_core/lp_core/start.S.obj
LOAD CMakeFiles/lp_core_main.dir/C_/Espressif/frameworks/esp-idf/components/ulp/lp_core/lp_core/vector.S.obj
LOAD CMakeFiles/lp_core_main.dir/4825b6c26486c8ba01e5a5f83f3d72e2/lp_core/shared/ulp_lp_core_memory_shared.c.obj
LOAD CMakeFiles/lp_core_main.dir/4825b6c26486c8ba01e5a5f83f3d72e2/lp_core/shared/ulp_lp_core_lp_timer_shared.c.obj
LOAD CMakeFiles/lp_core_main.dir/383bb4b927027072fa50c42619216014/ulp/lp_core/lp_core/lp_core_startup.c.obj
LOAD CMakeFiles/lp_core_main.dir/C_/Espressif/frameworks/esp-idf/components/ulp/lp_core/lp_core/lp_core_utils.c.obj
LOAD CMakeFiles/lp_core_main.dir/C_/Espressif/frameworks/esp-idf/components/hal/uart_hal_iram.c.obj
LOAD CMakeFiles/lp_core_main.dir/C_/Espressif/frameworks/esp-idf/components/hal/uart_hal.c.obj
LOAD CMakeFiles/lp_core_main.dir/C_/Espressif/frameworks/esp-idf/components/ulp/lp_core/lp_core/lp_core_uart.c.obj
LOAD CMakeFiles/lp_core_main.dir/C_/Espressif/frameworks/esp-idf/components/ulp/lp_core/lp_core/lp_core_print.c.obj
LOAD CMakeFiles/lp_core_main.dir/C_/Espressif/frameworks/esp-idf/components/ulp/lp_core/lp_core/lp_core_i2c.c.obj
LOAD C:/Espressif/tools/riscv32-esp-elf/esp-13.2.0_20230928/riscv32-esp-elf/bin/../lib/gcc/riscv32-esp-elf/13.2.0/rv32imac_zicsr_zifencei/ilp32\libgcc.a
LOAD C:/Espressif/tools/riscv32-esp-elf/esp-13.2.0_20230928/riscv32-esp-elf/bin/../lib/gcc/riscv32-esp-elf/13.2.0/../../../../riscv32-esp-elf/lib/rv32imac_zicsr_zifencei/ilp32\libc_nano.a
LOAD C:/Espressif/tools/riscv32-esp-elf/esp-13.2.0_20230928/riscv32-esp-elf/bin/../lib/gcc/riscv32-esp-elf/13.2.0/rv32imac_zicsr_zifencei/ilp32\libgcc.a
START GROUP
LOAD C:/Espressif/tools/riscv32-esp-elf/esp-13.2.0_20230928/riscv32-esp-elf/bin/../lib/gcc/riscv32-esp-elf/13.2.0/rv32imac_zicsr_zifencei/ilp32\libgcc.a
LOAD C:/Espressif/tools/riscv32-esp-elf/esp-13.2.0_20230928/riscv32-esp-elf/bin/../lib/gcc/riscv32-esp-elf/13.2.0/../../../../riscv32-esp-elf/lib/rv32imac_zicsr_zifencei/ilp32\libc_nano.a
LOAD C:/Espressif/tools/riscv32-esp-elf/esp-13.2.0_20230928/riscv32-esp-elf/bin/../lib/gcc/riscv32-esp-elf/13.2.0/../../../../riscv32-esp-elf/lib/rv32imac_zicsr_zifencei/ilp32\libnosys.a
END GROUP
START GROUP
LOAD C:/Espressif/tools/riscv32-esp-elf/esp-13.2.0_20230928/riscv32-esp-elf/bin/../lib/gcc/riscv32-esp-elf/13.2.0/rv32imac_zicsr_zifencei/ilp32\libgcc.a
LOAD C:/Espressif/tools/riscv32-esp-elf/esp-13.2.0_20230928/riscv32-esp-elf/bin/../lib/gcc/riscv32-esp-elf/13.2.0/../../../../riscv32-esp-elf/lib/rv32imac_zicsr_zifencei/ilp32\libc_nano.a
LOAD C:/Espressif/tools/riscv32-esp-elf/esp-13.2.0_20230928/riscv32-esp-elf/bin/../lib/gcc/riscv32-esp-elf/13.2.0/../../../../riscv32-esp-elf/lib/rv32imac_zicsr_zifencei/ilp32\libnosys.a
END GROUP

.vector.text    0x50000000       0x80
                0x50000000                        __mtvec_base = .
 *(.init.vector .init.vector.*)
 .init.vector   0x50000000       0x80 CMakeFiles/lp_core_main.dir/C_/Espressif/frameworks/esp-idf/components/ulp/lp_core/lp_core/vector.S.obj
                0x50000000                _vector_table
                0x50000080                        . = ORIGIN (ram)

.text           0x50000080     0x19aa
 *(.text.vectors)
 .text.vectors  0x50000080       0x10 CMakeFiles/lp_core_main.dir/C_/Espressif/frameworks/esp-idf/components/ulp/lp_core/lp_core/start.S.obj
                0x50000080                reset_vector
 *(.text)
 .text          0x50000090      0x35e C:/Espressif/tools/riscv32-esp-elf/esp-13.2.0_20230928/riscv32-esp-elf/bin/../lib/gcc/riscv32-esp-elf/13.2.0/rv32imac_zicsr_zifencei/ilp32\libgcc.a(_udivdi3.o)
                0x50000090                __udivdi3
 .text          0x500003ee       0xa8 C:/Espressif/tools/riscv32-esp-elf/esp-13.2.0_20230928/riscv32-esp-elf/bin/../lib/gcc/riscv32-esp-elf/13.2.0/../../../../riscv32-esp-elf/lib/rv32imac_zicsr_zifencei/ilp32\libc_nano.a(libc_a-memset.o)
                0x500003ee                memset
 .text          0x50000496       0xe8 C:/Espressif/tools/riscv32-esp-elf/esp-13.2.0_20230928/riscv32-esp-elf/bin/../lib/gcc/riscv32-esp-elf/13.2.0/../../../../riscv32-esp-elf/lib/rv32imac_zicsr_zifencei/ilp32\libc_nano.a(libc_a-memcpy.o)
                0x50000496                memcpy
 .text          0x5000057e       0x66 C:/Espressif/tools/riscv32-esp-elf/esp-13.2.0_20230928/riscv32-esp-elf/bin/../lib/gcc/riscv32-esp-elf/13.2.0/../../../../riscv32-esp-elf/lib/rv32imac_zicsr_zifencei/ilp32\libc_nano.a(libc_a-strlen.o)
                0x5000057e                strlen
 .text          0x500005e4       0x60 C:/Espressif/tools/riscv32-esp-elf/esp-13.2.0_20230928/riscv32-esp-elf/bin/../lib/gcc/riscv32-esp-elf/13.2.0/../../../../riscv32-esp-elf/lib/rv32imac_zicsr_zifencei/ilp32\libc_nano.a(libc_a-strcpy.o)
                0x500005e4                strcpy
 *(.text*)
 .text.BME280_delay_msek
                0x50000644        0xc CMakeFiles/lp_core_main.dir/f029f8e6447b2e29e0ffc3f66dff3f51/ESP32-C6_lp_core_BME280/main/lp_core/main.c.obj
 .text.BME280_I2C_bus_read
                0x50000650       0x4e CMakeFiles/lp_core_main.dir/f029f8e6447b2e29e0ffc3f66dff3f51/ESP32-C6_lp_core_BME280/main/lp_core/main.c.obj
 .text.BME280_I2C_bus_write
                0x5000069e       0x58 CMakeFiles/lp_core_main.dir/f029f8e6447b2e29e0ffc3f66dff3f51/ESP32-C6_lp_core_BME280/main/lp_core/main.c.obj
 .text.startup.main
                0x500006f6      0x18e CMakeFiles/lp_core_main.dir/f029f8e6447b2e29e0ffc3f66dff3f51/ESP32-C6_lp_core_BME280/main/lp_core/main.c.obj
                0x500006f6                main
 .text.bme280_compensate_temperature_int32
                0x50000884       0x44 CMakeFiles/lp_core_main.dir/a5a4189e983da4e5cfb9b5b974ddc3c6/main/lp_core/lp_components/bme280/bme280.c.obj
                0x50000884                bme280_compensate_temperature_int32
 .text.bme280_compensate_pressure_int32
                0x500008c8       0xc2 CMakeFiles/lp_core_main.dir/a5a4189e983da4e5cfb9b5b974ddc3c6/main/lp_core/lp_components/bme280/bme280.c.obj
                0x500008c8                bme280_compensate_pressure_int32
 .text.bme280_compensate_humidity_int32
                0x5000098a       0x8e CMakeFiles/lp_core_main.dir/a5a4189e983da4e5cfb9b5b974ddc3c6/main/lp_core/lp_components/bme280/bme280.c.obj
                0x5000098a                bme280_compensate_humidity_int32
 .text.bme280_read_uncomp_pressure_temperature_humidity
                0x50000a18       0x84 CMakeFiles/lp_core_main.dir/a5a4189e983da4e5cfb9b5b974ddc3c6/main/lp_core/lp_components/bme280/bme280.c.obj
                0x50000a18                bme280_read_uncomp_pressure_temperature_humidity
 .text.bme280_get_calib_param
                0x50000a9c       0xfa CMakeFiles/lp_core_main.dir/a5a4189e983da4e5cfb9b5b974ddc3c6/main/lp_core/lp_components/bme280/bme280.c.obj
                0x50000a9c                bme280_get_calib_param
 .text.bme280_init
                0x50000b96       0x6a CMakeFiles/lp_core_main.dir/a5a4189e983da4e5cfb9b5b974ddc3c6/main/lp_core/lp_components/bme280/bme280.c.obj
                0x50000b96                bme280_init
 .text.bme280_get_power_mode
                0x50000c00       0x40 CMakeFiles/lp_core_main.dir/a5a4189e983da4e5cfb9b5b974ddc3c6/main/lp_core/lp_components/bme280/bme280.c.obj
                0x50000c00                bme280_get_power_mode
 .text.bme280_set_soft_rst
                0x50000c40       0x32 CMakeFiles/lp_core_main.dir/a5a4189e983da4e5cfb9b5b974ddc3c6/main/lp_core/lp_components/bme280/bme280.c.obj
                0x50000c40                bme280_set_soft_rst
 .text.bme280_write_register
                0x50000c72       0x1e CMakeFiles/lp_core_main.dir/a5a4189e983da4e5cfb9b5b974ddc3c6/main/lp_core/lp_components/bme280/bme280.c.obj
                0x50000c72                bme280_write_register
 .text.bme280_read_register
                0x50000c90       0x1e CMakeFiles/lp_core_main.dir/a5a4189e983da4e5cfb9b5b974ddc3c6/main/lp_core/lp_components/bme280/bme280.c.obj
                0x50000c90                bme280_read_register
 .text.bme280_set_oversamp_temperature
                0x50000cae      0x102 CMakeFiles/lp_core_main.dir/a5a4189e983da4e5cfb9b5b974ddc3c6/main/lp_core/lp_components/bme280/bme280.c.obj
                0x50000cae                bme280_set_oversamp_temperature
 .text.bme280_set_oversamp_pressure
                0x50000db0      0x104 CMakeFiles/lp_core_main.dir/a5a4189e983da4e5cfb9b5b974ddc3c6/main/lp_core/lp_components/bme280/bme280.c.obj
                0x50000db0                bme280_set_oversamp_pressure
 .text.bme280_set_oversamp_humidity
                0x50000eb4      0x144 CMakeFiles/lp_core_main.dir/a5a4189e983da4e5cfb9b5b974ddc3c6/main/lp_core/lp_components/bme280/bme280.c.obj
                0x50000eb4                bme280_set_oversamp_humidity
 .text.bme280_set_power_mode
                0x50000ff8      0x10a CMakeFiles/lp_core_main.dir/a5a4189e983da4e5cfb9b5b974ddc3c6/main/lp_core/lp_components/bme280/bme280.c.obj
                0x50000ff8                bme280_set_power_mode
 .text.bme280_set_filter
                0x50001102      0x11a CMakeFiles/lp_core_main.dir/a5a4189e983da4e5cfb9b5b974ddc3c6/main/lp_core/lp_components/bme280/bme280.c.obj
                0x50001102                bme280_set_filter
 .text.bme280_set_standby_durn
                0x5000121c      0x11c CMakeFiles/lp_core_main.dir/a5a4189e983da4e5cfb9b5b974ddc3c6/main/lp_core/lp_components/bme280/bme280.c.obj
                0x5000121c                bme280_set_standby_durn
 .text.ulp_lp_core_memory_shared_cfg_get
                0x50001338        0x8 CMakeFiles/lp_core_main.dir/4825b6c26486c8ba01e5a5f83f3d72e2/lp_core/shared/ulp_lp_core_memory_shared.c.obj
                0x50001338                ulp_lp_core_memory_shared_cfg_get
 .text.ulp_lp_core_lp_timer_get_cycle_count
                0x50001340       0x1e CMakeFiles/lp_core_main.dir/4825b6c26486c8ba01e5a5f83f3d72e2/lp_core/shared/ulp_lp_core_lp_timer_shared.c.obj
                0x50001340                ulp_lp_core_lp_timer_get_cycle_count
 .text.ulp_lp_core_lp_timer_set_wakeup_time
                0x5000135e       0x6a CMakeFiles/lp_core_main.dir/4825b6c26486c8ba01e5a5f83f3d72e2/lp_core/shared/ulp_lp_core_lp_timer_shared.c.obj
                0x5000135e                ulp_lp_core_lp_timer_set_wakeup_time
 .text.lp_core_startup
                0x500013c8       0x1c CMakeFiles/lp_core_main.dir/383bb4b927027072fa50c42619216014/ulp/lp_core/lp_core/lp_core_startup.c.obj
                0x500013c8                lp_core_startup
 .text.ulp_lp_core_update_wakeup_cause
                0x500013e4       0xfc CMakeFiles/lp_core_main.dir/C_/Espressif/frameworks/esp-idf/components/ulp/lp_core/lp_core/lp_core_utils.c.obj
                0x500013e4                ulp_lp_core_update_wakeup_cause
 .text.ulp_lp_core_wakeup_main_processor
                0x500014e0       0x14 CMakeFiles/lp_core_main.dir/C_/Espressif/frameworks/esp-idf/components/ulp/lp_core/lp_core/lp_core_utils.c.obj
                0x500014e0                ulp_lp_core_wakeup_main_processor
 .text.ulp_lp_core_delay_us
                0x500014f4       0x12 CMakeFiles/lp_core_main.dir/C_/Espressif/frameworks/esp-idf/components/ulp/lp_core/lp_core/lp_core_utils.c.obj
                0x500014f4                ulp_lp_core_delay_us
 .text.ulp_lp_core_delay_cycles
                0x50001506       0x10 CMakeFiles/lp_core_main.dir/C_/Espressif/frameworks/esp-idf/components/ulp/lp_core/lp_core/lp_core_utils.c.obj
                0x50001506                ulp_lp_core_delay_cycles
 .text.ulp_lp_core_halt
                0x50001516       0x18 CMakeFiles/lp_core_main.dir/C_/Espressif/frameworks/esp-idf/components/ulp/lp_core/lp_core/lp_core_utils.c.obj
                0x50001516                ulp_lp_core_halt
 .text.uart_hal_write_txfifo
                0x5000152e       0x52 CMakeFiles/lp_core_main.dir/C_/Espressif/frameworks/esp-idf/components/hal/uart_hal_iram.c.obj
                0x5000152e                uart_hal_write_txfifo
 .text.lp_core_uart_check_timeout
                0x50001580       0x50 CMakeFiles/lp_core_main.dir/C_/Espressif/frameworks/esp-idf/components/ulp/lp_core/lp_core/lp_core_uart.c.obj
 .text.lp_core_uart_write_bytes
                0x500015d0       0xd8 CMakeFiles/lp_core_main.dir/C_/Espressif/frameworks/esp-idf/components/ulp/lp_core/lp_core/lp_core_uart.c.obj
                0x500015d0                lp_core_uart_write_bytes
 .text.lp_core_i2c_wait_for_interrupt
                0x500016a8       0x76 CMakeFiles/lp_core_main.dir/C_/Espressif/frameworks/esp-idf/components/ulp/lp_core/lp_core/lp_core_i2c.c.obj
 .text.lp_core_i2c_format_cmd.constprop.0
                0x5000171e       0x28 CMakeFiles/lp_core_main.dir/C_/Espressif/frameworks/esp-idf/components/ulp/lp_core/lp_core/lp_core_i2c.c.obj
 .text.lp_core_i2c_config_device_addr.constprop.0
                0x50001746       0x40 CMakeFiles/lp_core_main.dir/C_/Espressif/frameworks/esp-idf/components/ulp/lp_core/lp_core/lp_core_i2c.c.obj
 .text.lp_core_i2c_master_read_from_device
                0x50001786      0x142 CMakeFiles/lp_core_main.dir/C_/Espressif/frameworks/esp-idf/components/ulp/lp_core/lp_core/lp_core_i2c.c.obj
                0x50001786                lp_core_i2c_master_read_from_device
 .text.lp_core_i2c_master_write_to_device
                0x500018c8      0x162 CMakeFiles/lp_core_main.dir/C_/Espressif/frameworks/esp-idf/components/ulp/lp_core/lp_core/lp_core_i2c.c.obj
                0x500018c8                lp_core_i2c_master_write_to_device

.rodata         0x50001a2c      0x125
 *(.rodata)
 .rodata        0x50001a2c      0x100 C:/Espressif/tools/riscv32-esp-elf/esp-13.2.0_20230928/riscv32-esp-elf/bin/../lib/gcc/riscv32-esp-elf/13.2.0/rv32imac_zicsr_zifencei/ilp32\libgcc.a(_clz.o)
                0x50001a2c                __clz_tab
 *(.rodata*)
 .rodata.main.str1.4
                0x50001b2c       0x25 CMakeFiles/lp_core_main.dir/f029f8e6447b2e29e0ffc3f66dff3f51/ESP32-C6_lp_core_BME280/main/lp_core/main.c.obj

.rela.dyn       0x50001b54        0x0
 .rela.text.vectors
                0x50001b54        0x0 CMakeFiles/lp_core_main.dir/f029f8e6447b2e29e0ffc3f66dff3f51/ESP32-C6_lp_core_BME280/main/lp_core/main.c.obj
 .rela.text.ulp_lp_core_lp_timer_get_cycle_count
                0x50001b54        0x0 CMakeFiles/lp_core_main.dir/f029f8e6447b2e29e0ffc3f66dff3f51/ESP32-C6_lp_core_BME280/main/lp_core/main.c.obj
 .rela.text.ulp_lp_core_lp_timer_set_wakeup_time
                0x50001b54        0x0 CMakeFiles/lp_core_main.dir/f029f8e6447b2e29e0ffc3f66dff3f51/ESP32-C6_lp_core_BME280/main/lp_core/main.c.obj
 .rela.text.ulp_lp_core_update_wakeup_cause
                0x50001b54        0x0 CMakeFiles/lp_core_main.dir/f029f8e6447b2e29e0ffc3f66dff3f51/ESP32-C6_lp_core_BME280/main/lp_core/main.c.obj
 .rela.text.ulp_lp_core_halt
                0x50001b54        0x0 CMakeFiles/lp_core_main.dir/f029f8e6447b2e29e0ffc3f66dff3f51/ESP32-C6_lp_core_BME280/main/lp_core/main.c.obj
 .rela.text.uart_hal_write_txfifo
                0x50001b54        0x0 CMakeFiles/lp_core_main.dir/f029f8e6447b2e29e0ffc3f66dff3f51/ESP32-C6_lp_core_BME280/main/lp_core/main.c.obj
 .rela.sdata.hal
                0x50001b54        0x0 CMakeFiles/lp_core_main.dir/f029f8e6447b2e29e0ffc3f66dff3f51/ESP32-C6_lp_core_BME280/main/lp_core/main.c.obj
 .rela.sdata.dev
                0x50001b54        0x0 CMakeFiles/lp_core_main.dir/f029f8e6447b2e29e0ffc3f66dff3f51/ESP32-C6_lp_core_BME280/main/lp_core/main.c.obj

.data           0x50001b54        0xc
 *(.data)
 *(.data*)
 *(.sdata)
 *(.sdata*)
 .sdata.hal     0x50001b54        0x4 CMakeFiles/lp_core_main.dir/C_/Espressif/frameworks/esp-idf/components/ulp/lp_core/lp_core/lp_core_uart.c.obj
                0x50001b54                hal
 .sdata.s_ack_check_en
                0x50001b58        0x1 CMakeFiles/lp_core_main.dir/C_/Espressif/frameworks/esp-idf/components/ulp/lp_core/lp_core/lp_core_i2c.c.obj
 *fill*         0x50001b59        0x3 
 .sdata.dev     0x50001b5c        0x4 CMakeFiles/lp_core_main.dir/C_/Espressif/frameworks/esp-idf/components/ulp/lp_core/lp_core/lp_core_i2c.c.obj
                0x50001b5c                dev

.bss            0x50001b60       0x28
 *(.bss)
 *(.bss*)
 *(.sbss)
 *(.sbss*)
 .sbss.v_uncomp_humidity_s32.0
                0x50001b60        0x4 CMakeFiles/lp_core_main.dir/f029f8e6447b2e29e0ffc3f66dff3f51/ESP32-C6_lp_core_BME280/main/lp_core/main.c.obj
 .sbss.v_uncomp_temperature_s32.1
                0x50001b64        0x4 CMakeFiles/lp_core_main.dir/f029f8e6447b2e29e0ffc3f66dff3f51/ESP32-C6_lp_core_BME280/main/lp_core/main.c.obj
 .sbss.v_uncomp_pressure_s32.2
                0x50001b68        0x4 CMakeFiles/lp_core_main.dir/f029f8e6447b2e29e0ffc3f66dff3f51/ESP32-C6_lp_core_BME280/main/lp_core/main.c.obj
 .sbss.bme_temp_last
                0x50001b6c        0x4 CMakeFiles/lp_core_main.dir/f029f8e6447b2e29e0ffc3f66dff3f51/ESP32-C6_lp_core_BME280/main/lp_core/main.c.obj
 .sbss.bme_press
                0x50001b70        0x4 CMakeFiles/lp_core_main.dir/f029f8e6447b2e29e0ffc3f66dff3f51/ESP32-C6_lp_core_BME280/main/lp_core/main.c.obj
                0x50001b70                bme_press
 .sbss.bme_humid
                0x50001b74        0x4 CMakeFiles/lp_core_main.dir/f029f8e6447b2e29e0ffc3f66dff3f51/ESP32-C6_lp_core_BME280/main/lp_core/main.c.obj
                0x50001b74                bme_humid
 .sbss.bme_temp
                0x50001b78        0x4 CMakeFiles/lp_core_main.dir/f029f8e6447b2e29e0ffc3f66dff3f51/ESP32-C6_lp_core_BME280/main/lp_core/main.c.obj
                0x50001b78                bme_temp
 .sbss.bme_initialise
                0x50001b7c        0x4 CMakeFiles/lp_core_main.dir/f029f8e6447b2e29e0ffc3f66dff3f51/ESP32-C6_lp_core_BME280/main/lp_core/main.c.obj
                0x50001b7c                bme_initialise
 .sbss.p_bme280
                0x50001b80        0x4 CMakeFiles/lp_core_main.dir/a5a4189e983da4e5cfb9b5b974ddc3c6/main/lp_core/lp_components/bme280/bme280.c.obj
 .sbss.lp_wakeup_cause
                0x50001b84        0x4 CMakeFiles/lp_core_main.dir/C_/Espressif/frameworks/esp-idf/components/ulp/lp_core/lp_core/lp_core_utils.c.obj
                [!provide]                        PROVIDE (end = .)
                0x50001ff8                        __stack_top = (ORIGIN (ram) + LENGTH (ram))
OUTPUT(lp_core_main.elf elf32-littleriscv)

.comment        0x00000000       0x2f
 .comment       0x00000000       0x2f CMakeFiles/lp_core_main.dir/f029f8e6447b2e29e0ffc3f66dff3f51/ESP32-C6_lp_core_BME280/main/lp_core/main.c.obj
                                 0x30 (size before relaxing)
 .comment       0x0000002f       0x30 CMakeFiles/lp_core_main.dir/a5a4189e983da4e5cfb9b5b974ddc3c6/main/lp_core/lp_components/bme280/bme280.c.obj
 .comment       0x0000002f       0x30 CMakeFiles/lp_core_main.dir/4825b6c26486c8ba01e5a5f83f3d72e2/lp_core/shared/ulp_lp_core_memory_shared.c.obj
 .comment       0x0000002f       0x30 CMakeFiles/lp_core_main.dir/4825b6c26486c8ba01e5a5f83f3d72e2/lp_core/shared/ulp_lp_core_lp_timer_shared.c.obj
 .comment       0x0000002f       0x30 CMakeFiles/lp_core_main.dir/383bb4b927027072fa50c42619216014/ulp/lp_core/lp_core/lp_core_startup.c.obj
 .comment       0x0000002f       0x30 CMakeFiles/lp_core_main.dir/C_/Espressif/frameworks/esp-idf/components/ulp/lp_core/lp_core/lp_core_utils.c.obj
 .comment       0x0000002f       0x30 CMakeFiles/lp_core_main.dir/C_/Espressif/frameworks/esp-idf/components/hal/uart_hal_iram.c.obj
 .comment       0x0000002f       0x30 CMakeFiles/lp_core_main.dir/C_/Espressif/frameworks/esp-idf/components/ulp/lp_core/lp_core/lp_core_uart.c.obj
 .comment       0x0000002f       0x30 CMakeFiles/lp_core_main.dir/C_/Espressif/frameworks/esp-idf/components/ulp/lp_core/lp_core/lp_core_i2c.c.obj
 .comment       0x0000002f       0x30 C:/Espressif/tools/riscv32-esp-elf/esp-13.2.0_20230928/riscv32-esp-elf/bin/../lib/gcc/riscv32-esp-elf/13.2.0/rv32imac_zicsr_zifencei/ilp32\libgcc.a(_udivdi3.o)
 .comment       0x0000002f       0x30 C:/Espressif/tools/riscv32-esp-elf/esp-13.2.0_20230928/riscv32-esp-elf/bin/../lib/gcc/riscv32-esp-elf/13.2.0/rv32imac_zicsr_zifencei/ilp32\libgcc.a(_clz.o)
 .comment       0x0000002f       0x30 C:/Espressif/tools/riscv32-esp-elf/esp-13.2.0_20230928/riscv32-esp-elf/bin/../lib/gcc/riscv32-esp-elf/13.2.0/../../../../riscv32-esp-elf/lib/rv32imac_zicsr_zifencei/ilp32\libc_nano.a(libc_a-memcpy.o)
 .comment       0x0000002f       0x30 C:/Espressif/tools/riscv32-esp-elf/esp-13.2.0_20230928/riscv32-esp-elf/bin/../lib/gcc/riscv32-esp-elf/13.2.0/../../../../riscv32-esp-elf/lib/rv32imac_zicsr_zifencei/ilp32\libc_nano.a(libc_a-strlen.o)
 .comment       0x0000002f       0x30 C:/Espressif/tools/riscv32-esp-elf/esp-13.2.0_20230928/riscv32-esp-elf/bin/../lib/gcc/riscv32-esp-elf/13.2.0/../../../../riscv32-esp-elf/lib/rv32imac_zicsr_zifencei/ilp32\libc_nano.a(libc_a-strcpy.o)

.riscv.attributes
                0x00000000       0x4d
 .riscv.attributes
                0x00000000       0x49 CMakeFiles/lp_core_main.dir/f029f8e6447b2e29e0ffc3f66dff3f51/ESP32-C6_lp_core_BME280/main/lp_core/main.c.obj
 .riscv.attributes
                0x00000049       0x49 CMakeFiles/lp_core_main.dir/a5a4189e983da4e5cfb9b5b974ddc3c6/main/lp_core/lp_components/bme280/bme280.c.obj
 .riscv.attributes
                0x00000092       0x47 CMakeFiles/lp_core_main.dir/C_/Espressif/frameworks/esp-idf/components/ulp/lp_core/lp_core/start.S.obj
 .riscv.attributes
                0x000000d9       0x47 CMakeFiles/lp_core_main.dir/C_/Espressif/frameworks/esp-idf/components/ulp/lp_core/lp_core/vector.S.obj
 .riscv.attributes
                0x00000120       0x49 CMakeFiles/lp_core_main.dir/4825b6c26486c8ba01e5a5f83f3d72e2/lp_core/shared/ulp_lp_core_memory_shared.c.obj
 .riscv.attributes
                0x00000169       0x49 CMakeFiles/lp_core_main.dir/4825b6c26486c8ba01e5a5f83f3d72e2/lp_core/shared/ulp_lp_core_lp_timer_shared.c.obj
 .riscv.attributes
                0x000001b2       0x49 CMakeFiles/lp_core_main.dir/383bb4b927027072fa50c42619216014/ulp/lp_core/lp_core/lp_core_startup.c.obj
 .riscv.attributes
                0x000001fb       0x4d CMakeFiles/lp_core_main.dir/C_/Espressif/frameworks/esp-idf/components/ulp/lp_core/lp_core/lp_core_utils.c.obj
 .riscv.attributes
                0x00000248       0x49 CMakeFiles/lp_core_main.dir/C_/Espressif/frameworks/esp-idf/components/hal/uart_hal_iram.c.obj
 .riscv.attributes
                0x00000291       0x49 CMakeFiles/lp_core_main.dir/C_/Espressif/frameworks/esp-idf/components/ulp/lp_core/lp_core/lp_core_uart.c.obj
 .riscv.attributes
                0x000002da       0x49 CMakeFiles/lp_core_main.dir/C_/Espressif/frameworks/esp-idf/components/ulp/lp_core/lp_core/lp_core_i2c.c.obj
 .riscv.attributes
                0x00000323       0x49 C:/Espressif/tools/riscv32-esp-elf/esp-13.2.0_20230928/riscv32-esp-elf/bin/../lib/gcc/riscv32-esp-elf/13.2.0/rv32imac_zicsr_zifencei/ilp32\libgcc.a(_udivdi3.o)
 .riscv.attributes
                0x0000036c       0x49 C:/Espressif/tools/riscv32-esp-elf/esp-13.2.0_20230928/riscv32-esp-elf/bin/../lib/gcc/riscv32-esp-elf/13.2.0/rv32imac_zicsr_zifencei/ilp32\libgcc.a(_clz.o)
 .riscv.attributes
                0x000003b5       0x47 C:/Espressif/tools/riscv32-esp-elf/esp-13.2.0_20230928/riscv32-esp-elf/bin/../lib/gcc/riscv32-esp-elf/13.2.0/../../../../riscv32-esp-elf/lib/rv32imac_zicsr_zifencei/ilp32\libc_nano.a(libc_a-memset.o)
 .riscv.attributes
                0x000003fc       0x49 C:/Espressif/tools/riscv32-esp-elf/esp-13.2.0_20230928/riscv32-esp-elf/bin/../lib/gcc/riscv32-esp-elf/13.2.0/../../../../riscv32-esp-elf/lib/rv32imac_zicsr_zifencei/ilp32\libc_nano.a(libc_a-memcpy.o)
 .riscv.attributes
                0x00000445       0x49 C:/Espressif/tools/riscv32-esp-elf/esp-13.2.0_20230928/riscv32-esp-elf/bin/../lib/gcc/riscv32-esp-elf/13.2.0/../../../../riscv32-esp-elf/lib/rv32imac_zicsr_zifencei/ilp32\libc_nano.a(libc_a-strlen.o)
 .riscv.attributes
                0x0000048e       0x49 C:/Espressif/tools/riscv32-esp-elf/esp-13.2.0_20230928/riscv32-esp-elf/bin/../lib/gcc/riscv32-esp-elf/13.2.0/../../../../riscv32-esp-elf/lib/rv32imac_zicsr_zifencei/ilp32\libc_nano.a(libc_a-strcpy.o)

.debug_info     0x00000000      0xe6f
 .debug_info    0x00000000      0x76f C:/Espressif/tools/riscv32-esp-elf/esp-13.2.0_20230928/riscv32-esp-elf/bin/../lib/gcc/riscv32-esp-elf/13.2.0/rv32imac_zicsr_zifencei/ilp32\libgcc.a(_udivdi3.o)
 .debug_info    0x0000076f       0xe6 C:/Espressif/tools/riscv32-esp-elf/esp-13.2.0_20230928/riscv32-esp-elf/bin/../lib/gcc/riscv32-esp-elf/13.2.0/rv32imac_zicsr_zifencei/ilp32\libgcc.a(_clz.o)
 .debug_info    0x00000855       0x33 C:/Espressif/tools/riscv32-esp-elf/esp-13.2.0_20230928/riscv32-esp-elf/bin/../lib/gcc/riscv32-esp-elf/13.2.0/../../../../riscv32-esp-elf/lib/rv32imac_zicsr_zifencei/ilp32\libc_nano.a(libc_a-memset.o)
 .debug_info    0x00000888      0x256 C:/Espressif/tools/riscv32-esp-elf/esp-13.2.0_20230928/riscv32-esp-elf/bin/../lib/gcc/riscv32-esp-elf/13.2.0/../../../../riscv32-esp-elf/lib/rv32imac_zicsr_zifencei/ilp32\libc_nano.a(libc_a-memcpy.o)
 .debug_info    0x00000ade      0x1ae C:/Espressif/tools/riscv32-esp-elf/esp-13.2.0_20230928/riscv32-esp-elf/bin/../lib/gcc/riscv32-esp-elf/13.2.0/../../../../riscv32-esp-elf/lib/rv32imac_zicsr_zifencei/ilp32\libc_nano.a(libc_a-strlen.o)
 .debug_info    0x00000c8c      0x1e3 C:/Espressif/tools/riscv32-esp-elf/esp-13.2.0_20230928/riscv32-esp-elf/bin/../lib/gcc/riscv32-esp-elf/13.2.0/../../../../riscv32-esp-elf/lib/rv32imac_zicsr_zifencei/ilp32\libc_nano.a(libc_a-strcpy.o)

.debug_abbrev   0x00000000      0x597
 .debug_abbrev  0x00000000      0x1a6 C:/Espressif/tools/riscv32-esp-elf/esp-13.2.0_20230928/riscv32-esp-elf/bin/../lib/gcc/riscv32-esp-elf/13.2.0/rv32imac_zicsr_zifencei/ilp32\libgcc.a(_udivdi3.o)
 .debug_abbrev  0x000001a6       0x70 C:/Espressif/tools/riscv32-esp-elf/esp-13.2.0_20230928/riscv32-esp-elf/bin/../lib/gcc/riscv32-esp-elf/13.2.0/rv32imac_zicsr_zifencei/ilp32\libgcc.a(_clz.o)
 .debug_abbrev  0x00000216       0x28 C:/Espressif/tools/riscv32-esp-elf/esp-13.2.0_20230928/riscv32-esp-elf/bin/../lib/gcc/riscv32-esp-elf/13.2.0/../../../../riscv32-esp-elf/lib/rv32imac_zicsr_zifencei/ilp32\libc_nano.a(libc_a-memset.o)
 .debug_abbrev  0x0000023e      0x107 C:/Espressif/tools/riscv32-esp-elf/esp-13.2.0_20230928/riscv32-esp-elf/bin/../lib/gcc/riscv32-esp-elf/13.2.0/../../../../riscv32-esp-elf/lib/rv32imac_zicsr_zifencei/ilp32\libc_nano.a(libc_a-memcpy.o)
 .debug_abbrev  0x00000345      0x121 C:/Espressif/tools/riscv32-esp-elf/esp-13.2.0_20230928/riscv32-esp-elf/bin/../lib/gcc/riscv32-esp-elf/13.2.0/../../../../riscv32-esp-elf/lib/rv32imac_zicsr_zifencei/ilp32\libc_nano.a(libc_a-strlen.o)
 .debug_abbrev  0x00000466      0x131 C:/Espressif/tools/riscv32-esp-elf/esp-13.2.0_20230928/riscv32-esp-elf/bin/../lib/gcc/riscv32-esp-elf/13.2.0/../../../../riscv32-esp-elf/lib/rv32imac_zicsr_zifencei/ilp32\libc_nano.a(libc_a-strcpy.o)

.debug_loclists
                0x00000000      0xa78
 .debug_loclists
                0x00000000      0x6ff C:/Espressif/tools/riscv32-esp-elf/esp-13.2.0_20230928/riscv32-esp-elf/bin/../lib/gcc/riscv32-esp-elf/13.2.0/rv32imac_zicsr_zifencei/ilp32\libgcc.a(_udivdi3.o)
 .debug_loclists
                0x000006ff      0x1d6 C:/Espressif/tools/riscv32-esp-elf/esp-13.2.0_20230928/riscv32-esp-elf/bin/../lib/gcc/riscv32-esp-elf/13.2.0/../../../../riscv32-esp-elf/lib/rv32imac_zicsr_zifencei/ilp32\libc_nano.a(libc_a-memcpy.o)
 .debug_loclists
                0x000008d5       0x97 C:/Espressif/tools/riscv32-esp-elf/esp-13.2.0_20230928/riscv32-esp-elf/bin/../lib/gcc/riscv32-esp-elf/13.2.0/../../../../riscv32-esp-elf/lib/rv32imac_zicsr_zifencei/ilp32\libc_nano.a(libc_a-strlen.o)
 .debug_loclists
                0x0000096c      0x10c C:/Espressif/tools/riscv32-esp-elf/esp-13.2.0_20230928/riscv32-esp-elf/bin/../lib/gcc/riscv32-esp-elf/13.2.0/../../../../riscv32-esp-elf/lib/rv32imac_zicsr_zifencei/ilp32\libc_nano.a(libc_a-strcpy.o)

.debug_aranges  0x00000000       0xb8
 .debug_aranges
                0x00000000       0x20 C:/Espressif/tools/riscv32-esp-elf/esp-13.2.0_20230928/riscv32-esp-elf/bin/../lib/gcc/riscv32-esp-elf/13.2.0/rv32imac_zicsr_zifencei/ilp32\libgcc.a(_udivdi3.o)
 .debug_aranges
                0x00000020       0x18 C:/Espressif/tools/riscv32-esp-elf/esp-13.2.0_20230928/riscv32-esp-elf/bin/../lib/gcc/riscv32-esp-elf/13.2.0/rv32imac_zicsr_zifencei/ilp32\libgcc.a(_clz.o)
 .debug_aranges
                0x00000038       0x20 C:/Espressif/tools/riscv32-esp-elf/esp-13.2.0_20230928/riscv32-esp-elf/bin/../lib/gcc/riscv32-esp-elf/13.2.0/../../../../riscv32-esp-elf/lib/rv32imac_zicsr_zifencei/ilp32\libc_nano.a(libc_a-memset.o)
 .debug_aranges
                0x00000058       0x20 C:/Espressif/tools/riscv32-esp-elf/esp-13.2.0_20230928/riscv32-esp-elf/bin/../lib/gcc/riscv32-esp-elf/13.2.0/../../../../riscv32-esp-elf/lib/rv32imac_zicsr_zifencei/ilp32\libc_nano.a(libc_a-memcpy.o)
 .debug_aranges
                0x00000078       0x20 C:/Espressif/tools/riscv32-esp-elf/esp-13.2.0_20230928/riscv32-esp-elf/bin/../lib/gcc/riscv32-esp-elf/13.2.0/../../../../riscv32-esp-elf/lib/rv32imac_zicsr_zifencei/ilp32\libc_nano.a(libc_a-strlen.o)
 .debug_aranges
                0x00000098       0x20 C:/Espressif/tools/riscv32-esp-elf/esp-13.2.0_20230928/riscv32-esp-elf/bin/../lib/gcc/riscv32-esp-elf/13.2.0/../../../../riscv32-esp-elf/lib/rv32imac_zicsr_zifencei/ilp32\libc_nano.a(libc_a-strcpy.o)

.debug_rnglists
                0x00000000       0xbf
 .debug_rnglists
                0x00000000       0x99 C:/Espressif/tools/riscv32-esp-elf/esp-13.2.0_20230928/riscv32-esp-elf/bin/../lib/gcc/riscv32-esp-elf/13.2.0/rv32imac_zicsr_zifencei/ilp32\libgcc.a(_udivdi3.o)
 .debug_rnglists
                0x00000099       0x13 C:/Espressif/tools/riscv32-esp-elf/esp-13.2.0_20230928/riscv32-esp-elf/bin/../lib/gcc/riscv32-esp-elf/13.2.0/../../../../riscv32-esp-elf/lib/rv32imac_zicsr_zifencei/ilp32\libc_nano.a(libc_a-strlen.o)
 .debug_rnglists
                0x000000ac       0x13 C:/Espressif/tools/riscv32-esp-elf/esp-13.2.0_20230928/riscv32-esp-elf/bin/../lib/gcc/riscv32-esp-elf/13.2.0/../../../../riscv32-esp-elf/lib/rv32imac_zicsr_zifencei/ilp32\libc_nano.a(libc_a-strcpy.o)

.debug_line     0x00000000     0x12bf
 .debug_line    0x00000000      0x905 C:/Espressif/tools/riscv32-esp-elf/esp-13.2.0_20230928/riscv32-esp-elf/bin/../lib/gcc/riscv32-esp-elf/13.2.0/rv32imac_zicsr_zifencei/ilp32\libgcc.a(_udivdi3.o)
 .debug_line    0x00000905       0x3f C:/Espressif/tools/riscv32-esp-elf/esp-13.2.0_20230928/riscv32-esp-elf/bin/../lib/gcc/riscv32-esp-elf/13.2.0/rv32imac_zicsr_zifencei/ilp32\libgcc.a(_clz.o)
 .debug_line    0x00000944      0x18e C:/Espressif/tools/riscv32-esp-elf/esp-13.2.0_20230928/riscv32-esp-elf/bin/../lib/gcc/riscv32-esp-elf/13.2.0/../../../../riscv32-esp-elf/lib/rv32imac_zicsr_zifencei/ilp32\libc_nano.a(libc_a-memset.o)
 .debug_line    0x00000ad2      0x31c C:/Espressif/tools/riscv32-esp-elf/esp-13.2.0_20230928/riscv32-esp-elf/bin/../lib/gcc/riscv32-esp-elf/13.2.0/../../../../riscv32-esp-elf/lib/rv32imac_zicsr_zifencei/ilp32\libc_nano.a(libc_a-memcpy.o)
 .debug_line    0x00000dee      0x264 C:/Espressif/tools/riscv32-esp-elf/esp-13.2.0_20230928/riscv32-esp-elf/bin/../lib/gcc/riscv32-esp-elf/13.2.0/../../../../riscv32-esp-elf/lib/rv32imac_zicsr_zifencei/ilp32\libc_nano.a(libc_a-strlen.o)
 .debug_line    0x00001052      0x26d C:/Espressif/tools/riscv32-esp-elf/esp-13.2.0_20230928/riscv32-esp-elf/bin/../lib/gcc/riscv32-esp-elf/13.2.0/../../../../riscv32-esp-elf/lib/rv32imac_zicsr_zifencei/ilp32\libc_nano.a(libc_a-strcpy.o)

.debug_str      0x00000000      0x48e
 .debug_str     0x00000000      0x48e C:/Espressif/tools/riscv32-esp-elf/esp-13.2.0_20230928/riscv32-esp-elf/bin/../lib/gcc/riscv32-esp-elf/13.2.0/rv32imac_zicsr_zifencei/ilp32\libgcc.a(_udivdi3.o)
                                0x25e (size before relaxing)
 .debug_str     0x0000048e      0x1ab C:/Espressif/tools/riscv32-esp-elf/esp-13.2.0_20230928/riscv32-esp-elf/bin/../lib/gcc/riscv32-esp-elf/13.2.0/rv32imac_zicsr_zifencei/ilp32\libgcc.a(_clz.o)
 .debug_str     0x0000048e      0x11c C:/Espressif/tools/riscv32-esp-elf/esp-13.2.0_20230928/riscv32-esp-elf/bin/../lib/gcc/riscv32-esp-elf/13.2.0/../../../../riscv32-esp-elf/lib/rv32imac_zicsr_zifencei/ilp32\libc_nano.a(libc_a-memset.o)
 .debug_str     0x0000048e      0x12a C:/Espressif/tools/riscv32-esp-elf/esp-13.2.0_20230928/riscv32-esp-elf/bin/../lib/gcc/riscv32-esp-elf/13.2.0/../../../../riscv32-esp-elf/lib/rv32imac_zicsr_zifencei/ilp32\libc_nano.a(libc_a-memcpy.o)
 .debug_str     0x0000048e      0x13d C:/Espressif/tools/riscv32-esp-elf/esp-13.2.0_20230928/riscv32-esp-elf/bin/../lib/gcc/riscv32-esp-elf/13.2.0/../../../../riscv32-esp-elf/lib/rv32imac_zicsr_zifencei/ilp32\libc_nano.a(libc_a-strlen.o)
 .debug_str     0x0000048e      0x14a C:/Espressif/tools/riscv32-esp-elf/esp-13.2.0_20230928/riscv32-esp-elf/bin/../lib/gcc/riscv32-esp-elf/13.2.0/../../../../riscv32-esp-elf/lib/rv32imac_zicsr_zifencei/ilp32\libc_nano.a(libc_a-strcpy.o)

.debug_line_str
                0x00000000      0x5fe
 .debug_line_str
                0x00000000      0x5fe C:/Espressif/tools/riscv32-esp-elf/esp-13.2.0_20230928/riscv32-esp-elf/bin/../lib/gcc/riscv32-esp-elf/13.2.0/rv32imac_zicsr_zifencei/ilp32\libgcc.a(_udivdi3.o)
                                0x202 (size before relaxing)
 .debug_line_str
                0x000005fe      0x202 C:/Espressif/tools/riscv32-esp-elf/esp-13.2.0_20230928/riscv32-esp-elf/bin/../lib/gcc/riscv32-esp-elf/13.2.0/rv32imac_zicsr_zifencei/ilp32\libgcc.a(_clz.o)
 .debug_line_str
                0x000005fe      0x109 C:/Espressif/tools/riscv32-esp-elf/esp-13.2.0_20230928/riscv32-esp-elf/bin/../lib/gcc/riscv32-esp-elf/13.2.0/../../../../riscv32-esp-elf/lib/rv32imac_zicsr_zifencei/ilp32\libc_nano.a(libc_a-memset.o)
 .debug_line_str
                0x000005fe      0x3b2 C:/Espressif/tools/riscv32-esp-elf/esp-13.2.0_20230928/riscv32-esp-elf/bin/../lib/gcc/riscv32-esp-elf/13.2.0/../../../../riscv32-esp-elf/lib/rv32imac_zicsr_zifencei/ilp32\libc_nano.a(libc_a-memcpy.o)
 .debug_line_str
                0x000005fe      0x45f C:/Espressif/tools/riscv32-esp-elf/esp-13.2.0_20230928/riscv32-esp-elf/bin/../lib/gcc/riscv32-esp-elf/13.2.0/../../../../riscv32-esp-elf/lib/rv32imac_zicsr_zifencei/ilp32\libc_nano.a(libc_a-strlen.o)
 .debug_line_str
                0x000005fe      0x3dc C:/Espressif/tools/riscv32-esp-elf/esp-13.2.0_20230928/riscv32-esp-elf/bin/../lib/gcc/riscv32-esp-elf/13.2.0/../../../../riscv32-esp-elf/lib/rv32imac_zicsr_zifencei/ilp32\libc_nano.a(libc_a-strcpy.o)

.debug_frame    0x00000000       0x60
 .debug_frame   0x00000000       0x20 C:/Espressif/tools/riscv32-esp-elf/esp-13.2.0_20230928/riscv32-esp-elf/bin/../lib/gcc/riscv32-esp-elf/13.2.0/../../../../riscv32-esp-elf/lib/rv32imac_zicsr_zifencei/ilp32\libc_nano.a(libc_a-memcpy.o)
 .debug_frame   0x00000020       0x20 C:/Espressif/tools/riscv32-esp-elf/esp-13.2.0_20230928/riscv32-esp-elf/bin/../lib/gcc/riscv32-esp-elf/13.2.0/../../../../riscv32-esp-elf/lib/rv32imac_zicsr_zifencei/ilp32\libc_nano.a(libc_a-strlen.o)
 .debug_frame   0x00000040       0x20 C:/Espressif/tools/riscv32-esp-elf/esp-13.2.0_20230928/riscv32-esp-elf/bin/../lib/gcc/riscv32-esp-elf/13.2.0/../../../../riscv32-esp-elf/lib/rv32imac_zicsr_zifencei/ilp32\libc_nano.a(libc_a-strcpy.o)
